◇ injecting env (0) from .env // tip: ◈ encrypted .env [www.dotenvx.com]
Registered Impact font from Windows Fonts.

=== DUBIS Design Generator ===

--- Back designs ---
  OK  back_design_1_white.png — 3425.9 KB
  OK  back_design_1_dark.png — 3465.6 KB
  OK  back_design_2_white.png — 3389.4 KB
  OK  back_design_2_dark.png — 3412.3 KB
  OK  back_design_3_white.png — 3427.4 KB
  OK  back_design_3_dark.png — 3451.6 KB
  OK  back_design_4_white.png — 3431.7 KB
  OK  back_design_4_dark.png — 3463.8 KB
  OK  back_design_5_white.png — 3413.0 KB
  OK  back_design_5_dark.png — 3441.4 KB
  OK  back_design_6_white.png — 3435.9 KB
  OK  back_design_6_dark.png — 3467.5 KB
  OK  back_design_8_white.png — 3410.7 KB
  OK  back_design_8_dark.png — 3433.9 KB
  OK  back_design_9_white.png — 3422.9 KB
  OK  back_design_9_dark.png — 3447.0 KB
  OK  back_design_10_white.png — 3405.2 KB
  OK  back_design_10_dark.png — 3427.7 KB
  OK  back_design_11_white.png — 3436.2 KB
  OK  back_design_11_dark.png — 3477.9 KB
  OK  back_design_12_white.png — 3418.0 KB
  OK  back_design_12_dark.png — 3450.4 KB
  OK  back_design_13_white.png — 3399.6 KB
  OK  back_design_13_dark.png — 3419.7 KB
  OK  back_design_14_white.png — 3428.8 KB
  OK  back_design_14_dark.png — 3462.1 KB
  OK  back_design_15_white.png — 3437.8 KB
  OK  back_design_15_dark.png — 3467.1 KB
  OK  back_design_16_white.png — 3435.0 KB
  OK  back_design_16_dark.png — 3464.5 KB
  OK  back_design_17_white.png — 3444.4 KB
  OK  back_design_17_dark.png — 3479.1 KB
  OK  back_design_18_white.png — 3441.0 KB
  OK  back_design_18_dark.png — 3471.1 KB

--- Front logos ---
  OK  front_logo_white.png — 4740.3 KB
  OK  front_logo_dark.png — 4760.2 KB

--- Cap designs ---
  OK  cap_design_white.png — 513.2 KB
  OK  cap_design_dark.png — 518.1 KB

=== Done. 38 files written to C:\Users\tehar\OneDrive\Cladue Projects\Dubis\dubis-website\designs ===
All files meet the 200 KB minimum size requirement.
